// Jest Snapshot v1, https://goo.gl/fbAQLP

exports[`transformAllFieldNamesToSnake transforms camel field names to snakecase 1`] = `
Object {
  "default": Object {
    "details": Object {
      "cars": Array [
        Object {
          "brand": "Pontiac",
          "model": "Aztek",
          "year_of_manufacture": "2004",
        },
        Object {
          "brand": "Saturn",
          "model": "Vue",
          "year_of_manufacture": "2004",
        },
      ],
      "date_of_birth": "1/1/1970",
    },
    "first_name": "Joe",
    "last_name": "Consumer",
  },
  "details": Object {
    "cars": Array [
      Object {
        "brand": "Pontiac",
        "model": "Aztek",
        "year_of_manufacture": "2004",
      },
      Object {
        "brand": "Saturn",
        "model": "Vue",
        "year_of_manufacture": "2004",
      },
    ],
    "date_of_birth": "1/1/1970",
  },
  "first_name": "Joe",
  "last_name": "Consumer",
}
`;

exports[`transformAllFieldNamesToSnake transforms kebab field names to snakecase 1`] = `
Object {
  "default": Object {
    "details": Object {
      "cars": Array [
        Object {
          "brand": "Pontiac",
          "model": "Aztek",
          "year_of_manufacture": "2004",
        },
        Object {
          "brand": "Saturn",
          "model": "Vue",
          "year_of_manufacture": "2004",
        },
      ],
      "date_of_birth": "1/1/1970",
    },
    "first_name": "Joe",
    "last_name": "Consumer",
  },
  "details": Object {
    "cars": Array [
      Object {
        "brand": "Pontiac",
        "model": "Aztek",
        "year_of_manufacture": "2004",
      },
      Object {
        "brand": "Saturn",
        "model": "Vue",
        "year_of_manufacture": "2004",
      },
    ],
    "date_of_birth": "1/1/1970",
  },
  "first_name": "Joe",
  "last_name": "Consumer",
}
`;
